====================================================================
INGESTING: hf_konkani_books_corpus_v2
Language: kok   Collection type: DOWNLOADED (not manual)
Mode: WRITE | full corpus
====================================================================
  books=100 rows=201,730 segments=1,363 words=1,575,544 dup=0.7% (1,144 rows/s)
  books=200 rows=541,484 segments=3,296 words=3,829,638 dup=3.9% (1,157 rows/s)
  books=300 rows=789,114 segments=4,880 words=5,668,844 dup=3.1% (1,134 rows/s)
  books=400 rows=1,052,743 segments=6,151 words=7,131,914 dup=3.1% (1,226 rows/s)
  books=500 rows=1,331,929 segments=7,342 words=8,503,560 dup=2.9% (1,315 rows/s)
  books=600 rows=1,727,165 segments=9,640 words=11,197,675 dup=2.7% (1,322 rows/s)
  books=700 rows=2,105,911 segments=11,508 words=13,374,360 dup=2.4% (1,358 rows/s)
  books=800 rows=2,317,157 segments=12,858 words=14,936,327 dup=2.2% (1,345 rows/s)
  books=900 rows=2,504,614 segments=13,637 words=15,815,594 dup=2.2% (1,358 rows/s)
  books=1,000 rows=2,859,081 segments=15,836 words=18,345,579 dup=2.3% (1,349 rows/s)
  books=1,100 rows=3,047,345 segments=16,878 words=19,550,695 dup=2.4% (1,320 rows/s)
  books=1,200 rows=3,311,235 segments=18,516 words=21,448,796 dup=2.6% (1,303 rows/s)
  books=1,300 rows=3,537,623 segments=19,640 words=22,734,426 dup=2.7% (1,258 rows/s)
'(MaxRetryError('HTTPSConnectionPool(host=\'huggingface.co\', port=443): Max retries exceeded with url: /datasets/omdeep22/Konkani_books_corpus-v2/resolve/597199e461686ae72fdde04d89c0b77cc2956642/konkani_book_corpus.txt (Caused by NameResolutionError("<urllib3.connection.HTTPSConnection object at 0x10f7c7140>: Failed to resolve \'huggingface.co\' ([Errno 8] nodename nor servname provided, or not known)"))'), '(Request ID: 83a9a15a-872b-4eb7-bb2f-8d78eabd5ab3)')' thrown while requesting GET https://huggingface.co/datasets/omdeep22/Konkani_books_corpus-v2/resolve/597199e461686ae72fdde04d89c0b77cc2956642/konkani_book_corpus.txt
Retrying in 1s [Retry 1/5].
'(MaxRetryError('HTTPSConnectionPool(host=\'huggingface.co\', port=443): Max retries exceeded with url: /datasets/omdeep22/Konkani_books_corpus-v2/resolve/597199e461686ae72fdde04d89c0b77cc2956642/konkani_book_corpus.txt (Caused by NameResolutionError("<urllib3.connection.HTTPSConnection object at 0x16913c7d0>: Failed to resolve \'huggingface.co\' ([Errno 8] nodename nor servname provided, or not known)"))'), '(Request ID: 87a419b8-8eaf-46f1-892f-414baa85578f)')' thrown while requesting GET https://huggingface.co/datasets/omdeep22/Konkani_books_corpus-v2/resolve/597199e461686ae72fdde04d89c0b77cc2956642/konkani_book_corpus.txt
Retrying in 2s [Retry 2/5].
'(MaxRetryError('HTTPSConnectionPool(host=\'huggingface.co\', port=443): Max retries exceeded with url: /datasets/omdeep22/Konkani_books_corpus-v2/resolve/597199e461686ae72fdde04d89c0b77cc2956642/konkani_book_corpus.txt (Caused by NameResolutionError("<urllib3.connection.HTTPSConnection object at 0x16913cc80>: Failed to resolve \'huggingface.co\' ([Errno 8] nodename nor servname provided, or not known)"))'), '(Request ID: e6d16b38-472a-405a-ad79-e5ca94d91a22)')' thrown while requesting GET https://huggingface.co/datasets/omdeep22/Konkani_books_corpus-v2/resolve/597199e461686ae72fdde04d89c0b77cc2956642/konkani_book_corpus.txt
Retrying in 4s [Retry 3/5].
'(MaxRetryError('HTTPSConnectionPool(host=\'huggingface.co\', port=443): Max retries exceeded with url: /datasets/omdeep22/Konkani_books_corpus-v2/resolve/597199e461686ae72fdde04d89c0b77cc2956642/konkani_book_corpus.txt (Caused by NameResolutionError("<urllib3.connection.HTTPSConnection object at 0x16913d070>: Failed to resolve \'huggingface.co\' ([Errno 8] nodename nor servname provided, or not known)"))'), '(Request ID: 68182da8-17db-4f06-a88d-f9a5029276c9)')' thrown while requesting GET https://huggingface.co/datasets/omdeep22/Konkani_books_corpus-v2/resolve/597199e461686ae72fdde04d89c0b77cc2956642/konkani_book_corpus.txt
Retrying in 8s [Retry 4/5].
'(MaxRetryError('HTTPSConnectionPool(host=\'huggingface.co\', port=443): Max retries exceeded with url: /datasets/omdeep22/Konkani_books_corpus-v2/resolve/597199e461686ae72fdde04d89c0b77cc2956642/konkani_book_corpus.txt (Caused by NameResolutionError("<urllib3.connection.HTTPSConnection object at 0x16913d460>: Failed to resolve \'huggingface.co\' ([Errno 8] nodename nor servname provided, or not known)"))'), '(Request ID: a3930e13-1510-42c1-bb57-87260d57238e)')' thrown while requesting GET https://huggingface.co/datasets/omdeep22/Konkani_books_corpus-v2/resolve/597199e461686ae72fdde04d89c0b77cc2956642/konkani_book_corpus.txt
Retrying in 8s [Retry 5/5].
'(MaxRetryError('HTTPSConnectionPool(host=\'huggingface.co\', port=443): Max retries exceeded with url: /datasets/omdeep22/Konkani_books_corpus-v2/resolve/597199e461686ae72fdde04d89c0b77cc2956642/konkani_book_corpus.txt (Caused by NameResolutionError("<urllib3.connection.HTTPSConnection object at 0x16913d850>: Failed to resolve \'huggingface.co\' ([Errno 8] nodename nor servname provided, or not known)"))'), '(Request ID: e2f7ab1b-4ebd-459d-a856-02139d888f33)')' thrown while requesting GET https://huggingface.co/datasets/omdeep22/Konkani_books_corpus-v2/resolve/597199e461686ae72fdde04d89c0b77cc2956642/konkani_book_corpus.txt
Got disconnected from remote data host. Retrying in 5sec [1/20]
'(MaxRetryError('HTTPSConnectionPool(host=\'huggingface.co\', port=443): Max retries exceeded with url: /datasets/omdeep22/Konkani_books_corpus-v2/resolve/597199e461686ae72fdde04d89c0b77cc2956642/konkani_book_corpus.txt (Caused by NameResolutionError("<urllib3.connection.HTTPSConnection object at 0x16913e1b0>: Failed to resolve \'huggingface.co\' ([Errno 8] nodename nor servname provided, or not known)"))'), '(Request ID: 3f90aae4-e931-44ae-88a5-8216be3d01a7)')' thrown while requesting GET https://huggingface.co/datasets/omdeep22/Konkani_books_corpus-v2/resolve/597199e461686ae72fdde04d89c0b77cc2956642/konkani_book_corpus.txt
Retrying in 1s [Retry 1/5].
'(MaxRetryError('HTTPSConnectionPool(host=\'huggingface.co\', port=443): Max retries exceeded with url: /datasets/omdeep22/Konkani_books_corpus-v2/resolve/597199e461686ae72fdde04d89c0b77cc2956642/konkani_book_corpus.txt (Caused by NameResolutionError("<urllib3.connection.HTTPSConnection object at 0x16913e5a0>: Failed to resolve \'huggingface.co\' ([Errno 8] nodename nor servname provided, or not known)"))'), '(Request ID: da9c1ffa-8c06-444d-8bb5-a11b33d6f7c3)')' thrown while requesting GET https://huggingface.co/datasets/omdeep22/Konkani_books_corpus-v2/resolve/597199e461686ae72fdde04d89c0b77cc2956642/konkani_book_corpus.txt
Retrying in 2s [Retry 2/5].
'(MaxRetryError('HTTPSConnectionPool(host=\'huggingface.co\', port=443): Max retries exceeded with url: /datasets/omdeep22/Konkani_books_corpus-v2/resolve/597199e461686ae72fdde04d89c0b77cc2956642/konkani_book_corpus.txt (Caused by NameResolutionError("<urllib3.connection.HTTPSConnection object at 0x16913e990>: Failed to resolve \'huggingface.co\' ([Errno 8] nodename nor servname provided, or not known)"))'), '(Request ID: ba7e97f5-1650-48ae-b3a7-5a4777614419)')' thrown while requesting GET https://huggingface.co/datasets/omdeep22/Konkani_books_corpus-v2/resolve/597199e461686ae72fdde04d89c0b77cc2956642/konkani_book_corpus.txt
Retrying in 4s [Retry 3/5].
'(MaxRetryError('HTTPSConnectionPool(host=\'huggingface.co\', port=443): Max retries exceeded with url: /datasets/omdeep22/Konkani_books_corpus-v2/resolve/597199e461686ae72fdde04d89c0b77cc2956642/konkani_book_corpus.txt (Caused by NameResolutionError("<urllib3.connection.HTTPSConnection object at 0x16913ea50>: Failed to resolve \'huggingface.co\' ([Errno 8] nodename nor servname provided, or not known)"))'), '(Request ID: af5479ce-62f6-4013-bddb-c730de4712d7)')' thrown while requesting GET https://huggingface.co/datasets/omdeep22/Konkani_books_corpus-v2/resolve/597199e461686ae72fdde04d89c0b77cc2956642/konkani_book_corpus.txt
Retrying in 8s [Retry 4/5].
'(MaxRetryError('HTTPSConnectionPool(host=\'huggingface.co\', port=443): Max retries exceeded with url: /datasets/omdeep22/Konkani_books_corpus-v2/resolve/597199e461686ae72fdde04d89c0b77cc2956642/konkani_book_corpus.txt (Caused by NameResolutionError("<urllib3.connection.HTTPSConnection object at 0x16913e690>: Failed to resolve \'huggingface.co\' ([Errno 8] nodename nor servname provided, or not known)"))'), '(Request ID: cb4189b1-7b0c-4c9b-91a4-29f26c96dbcf)')' thrown while requesting GET https://huggingface.co/datasets/omdeep22/Konkani_books_corpus-v2/resolve/597199e461686ae72fdde04d89c0b77cc2956642/konkani_book_corpus.txt
Retrying in 8s [Retry 5/5].
'(MaxRetryError('HTTPSConnectionPool(host=\'huggingface.co\', port=443): Max retries exceeded with url: /datasets/omdeep22/Konkani_books_corpus-v2/resolve/597199e461686ae72fdde04d89c0b77cc2956642/konkani_book_corpus.txt (Caused by NameResolutionError("<urllib3.connection.HTTPSConnection object at 0x16913e090>: Failed to resolve \'huggingface.co\' ([Errno 8] nodename nor servname provided, or not known)"))'), '(Request ID: 07fa09da-e06d-4e5a-9680-c5e2ceb30c58)')' thrown while requesting GET https://huggingface.co/datasets/omdeep22/Konkani_books_corpus-v2/resolve/597199e461686ae72fdde04d89c0b77cc2956642/konkani_book_corpus.txt
Got disconnected from remote data host. Retrying in 5sec [2/20]
'(MaxRetryError('HTTPSConnectionPool(host=\'huggingface.co\', port=443): Max retries exceeded with url: /datasets/omdeep22/Konkani_books_corpus-v2/resolve/597199e461686ae72fdde04d89c0b77cc2956642/konkani_book_corpus.txt (Caused by NameResolutionError("<urllib3.connection.HTTPSConnection object at 0x16913cc80>: Failed to resolve \'huggingface.co\' ([Errno 8] nodename nor servname provided, or not known)"))'), '(Request ID: bdf22ee9-7a7e-4985-99d6-2e17f5962e23)')' thrown while requesting GET https://huggingface.co/datasets/omdeep22/Konkani_books_corpus-v2/resolve/597199e461686ae72fdde04d89c0b77cc2956642/konkani_book_corpus.txt
Retrying in 1s [Retry 1/5].
'(MaxRetryError('HTTPSConnectionPool(host=\'huggingface.co\', port=443): Max retries exceeded with url: /datasets/omdeep22/Konkani_books_corpus-v2/resolve/597199e461686ae72fdde04d89c0b77cc2956642/konkani_book_corpus.txt (Caused by NameResolutionError("<urllib3.connection.HTTPSConnection object at 0x16913c7d0>: Failed to resolve \'huggingface.co\' ([Errno 8] nodename nor servname provided, or not known)"))'), '(Request ID: 82ffb49b-8825-4f06-afb5-1a2e6fb27c2c)')' thrown while requesting GET https://huggingface.co/datasets/omdeep22/Konkani_books_corpus-v2/resolve/597199e461686ae72fdde04d89c0b77cc2956642/konkani_book_corpus.txt
Retrying in 2s [Retry 2/5].
'(MaxRetryError('HTTPSConnectionPool(host=\'huggingface.co\', port=443): Max retries exceeded with url: /datasets/omdeep22/Konkani_books_corpus-v2/resolve/597199e461686ae72fdde04d89c0b77cc2956642/konkani_book_corpus.txt (Caused by NameResolutionError("<urllib3.connection.HTTPSConnection object at 0x16913c710>: Failed to resolve \'huggingface.co\' ([Errno 8] nodename nor servname provided, or not known)"))'), '(Request ID: cfc444d0-a0ac-4c73-9d53-55c0d0601e31)')' thrown while requesting GET https://huggingface.co/datasets/omdeep22/Konkani_books_corpus-v2/resolve/597199e461686ae72fdde04d89c0b77cc2956642/konkani_book_corpus.txt
Retrying in 4s [Retry 3/5].
'(MaxRetryError('HTTPSConnectionPool(host=\'huggingface.co\', port=443): Max retries exceeded with url: /datasets/omdeep22/Konkani_books_corpus-v2/resolve/597199e461686ae72fdde04d89c0b77cc2956642/konkani_book_corpus.txt (Caused by NameResolutionError("<urllib3.connection.HTTPSConnection object at 0x16913ee10>: Failed to resolve \'huggingface.co\' ([Errno 8] nodename nor servname provided, or not known)"))'), '(Request ID: 94e58862-fdf5-4f1d-b89d-fb2e9073911b)')' thrown while requesting GET https://huggingface.co/datasets/omdeep22/Konkani_books_corpus-v2/resolve/597199e461686ae72fdde04d89c0b77cc2956642/konkani_book_corpus.txt
Retrying in 8s [Retry 4/5].
'(MaxRetryError('HTTPSConnectionPool(host=\'huggingface.co\', port=443): Max retries exceeded with url: /datasets/omdeep22/Konkani_books_corpus-v2/resolve/597199e461686ae72fdde04d89c0b77cc2956642/konkani_book_corpus.txt (Caused by NameResolutionError("<urllib3.connection.HTTPSConnection object at 0x16913f200>: Failed to resolve \'huggingface.co\' ([Errno 8] nodename nor servname provided, or not known)"))'), '(Request ID: 8ae1bf28-12f5-487c-b45a-ffc26e174b77)')' thrown while requesting GET https://huggingface.co/datasets/omdeep22/Konkani_books_corpus-v2/resolve/597199e461686ae72fdde04d89c0b77cc2956642/konkani_book_corpus.txt
Retrying in 8s [Retry 5/5].
'(MaxRetryError('HTTPSConnectionPool(host=\'huggingface.co\', port=443): Max retries exceeded with url: /datasets/omdeep22/Konkani_books_corpus-v2/resolve/597199e461686ae72fdde04d89c0b77cc2956642/konkani_book_corpus.txt (Caused by NameResolutionError("<urllib3.connection.HTTPSConnection object at 0x16913f5f0>: Failed to resolve \'huggingface.co\' ([Errno 8] nodename nor servname provided, or not known)"))'), '(Request ID: d42b2199-c2ee-4df7-b6ef-25f5e3411493)')' thrown while requesting GET https://huggingface.co/datasets/omdeep22/Konkani_books_corpus-v2/resolve/597199e461686ae72fdde04d89c0b77cc2956642/konkani_book_corpus.txt
Got disconnected from remote data host. Retrying in 5sec [3/20]
'(MaxRetryError('HTTPSConnectionPool(host=\'huggingface.co\', port=443): Max retries exceeded with url: /datasets/omdeep22/Konkani_books_corpus-v2/resolve/597199e461686ae72fdde04d89c0b77cc2956642/konkani_book_corpus.txt (Caused by NameResolutionError("<urllib3.connection.HTTPSConnection object at 0x16913ff50>: Failed to resolve \'huggingface.co\' ([Errno 8] nodename nor servname provided, or not known)"))'), '(Request ID: c6cd4cdb-5d2c-436b-bfc3-99c8bf74a62e)')' thrown while requesting GET https://huggingface.co/datasets/omdeep22/Konkani_books_corpus-v2/resolve/597199e461686ae72fdde04d89c0b77cc2956642/konkani_book_corpus.txt
Retrying in 1s [Retry 1/5].
'(MaxRetryError('HTTPSConnectionPool(host=\'huggingface.co\', port=443): Max retries exceeded with url: /datasets/omdeep22/Konkani_books_corpus-v2/resolve/597199e461686ae72fdde04d89c0b77cc2956642/konkani_book_corpus.txt (Caused by NameResolutionError("<urllib3.connection.HTTPSConnection object at 0x16913fda0>: Failed to resolve \'huggingface.co\' ([Errno 8] nodename nor servname provided, or not known)"))'), '(Request ID: fe8cd217-794e-4c87-a205-42cc611821e3)')' thrown while requesting GET https://huggingface.co/datasets/omdeep22/Konkani_books_corpus-v2/resolve/597199e461686ae72fdde04d89c0b77cc2956642/konkani_book_corpus.txt
Retrying in 2s [Retry 2/5].
'(MaxRetryError('HTTPSConnectionPool(host=\'huggingface.co\', port=443): Max retries exceeded with url: /datasets/omdeep22/Konkani_books_corpus-v2/resolve/597199e461686ae72fdde04d89c0b77cc2956642/konkani_book_corpus.txt (Caused by NameResolutionError("<urllib3.connection.HTTPSConnection object at 0x16913f260>: Failed to resolve \'huggingface.co\' ([Errno 8] nodename nor servname provided, or not known)"))'), '(Request ID: 012c9f28-4188-46ce-bd08-e28fc0618635)')' thrown while requesting GET https://huggingface.co/datasets/omdeep22/Konkani_books_corpus-v2/resolve/597199e461686ae72fdde04d89c0b77cc2956642/konkani_book_corpus.txt
Retrying in 4s [Retry 3/5].
'(MaxRetryError('HTTPSConnectionPool(host=\'huggingface.co\', port=443): Max retries exceeded with url: /datasets/omdeep22/Konkani_books_corpus-v2/resolve/597199e461686ae72fdde04d89c0b77cc2956642/konkani_book_corpus.txt (Caused by NameResolutionError("<urllib3.connection.HTTPSConnection object at 0x16913ee70>: Failed to resolve \'huggingface.co\' ([Errno 8] nodename nor servname provided, or not known)"))'), '(Request ID: 81458013-656d-4ae4-a0bb-cecab75f7ac8)')' thrown while requesting GET https://huggingface.co/datasets/omdeep22/Konkani_books_corpus-v2/resolve/597199e461686ae72fdde04d89c0b77cc2956642/konkani_book_corpus.txt
Retrying in 8s [Retry 4/5].
'(MaxRetryError('HTTPSConnectionPool(host=\'huggingface.co\', port=443): Max retries exceeded with url: /datasets/omdeep22/Konkani_books_corpus-v2/resolve/597199e461686ae72fdde04d89c0b77cc2956642/konkani_book_corpus.txt (Caused by NameResolutionError("<urllib3.connection.HTTPSConnection object at 0x16913c800>: Failed to resolve \'huggingface.co\' ([Errno 8] nodename nor servname provided, or not known)"))'), '(Request ID: b0a58c92-f9c6-4d89-97bb-983e9e869415)')' thrown while requesting GET https://huggingface.co/datasets/omdeep22/Konkani_books_corpus-v2/resolve/597199e461686ae72fdde04d89c0b77cc2956642/konkani_book_corpus.txt
Retrying in 8s [Retry 5/5].
'(MaxRetryError('HTTPSConnectionPool(host=\'huggingface.co\', port=443): Max retries exceeded with url: /datasets/omdeep22/Konkani_books_corpus-v2/resolve/597199e461686ae72fdde04d89c0b77cc2956642/konkani_book_corpus.txt (Caused by NameResolutionError("<urllib3.connection.HTTPSConnection object at 0x16913c8c0>: Failed to resolve \'huggingface.co\' ([Errno 8] nodename nor servname provided, or not known)"))'), '(Request ID: f0f67189-c68f-4c46-8fb9-b94edbd78f62)')' thrown while requesting GET https://huggingface.co/datasets/omdeep22/Konkani_books_corpus-v2/resolve/597199e461686ae72fdde04d89c0b77cc2956642/konkani_book_corpus.txt
Got disconnected from remote data host. Retrying in 5sec [4/20]
'(MaxRetryError('HTTPSConnectionPool(host=\'huggingface.co\', port=443): Max retries exceeded with url: /datasets/omdeep22/Konkani_books_corpus-v2/resolve/597199e461686ae72fdde04d89c0b77cc2956642/konkani_book_corpus.txt (Caused by NameResolutionError("<urllib3.connection.HTTPSConnection object at 0x16913e450>: Failed to resolve \'huggingface.co\' ([Errno 8] nodename nor servname provided, or not known)"))'), '(Request ID: e3e3bdf6-d7c1-4335-a7dc-879b58387220)')' thrown while requesting GET https://huggingface.co/datasets/omdeep22/Konkani_books_corpus-v2/resolve/597199e461686ae72fdde04d89c0b77cc2956642/konkani_book_corpus.txt
Retrying in 1s [Retry 1/5].
'(MaxRetryError('HTTPSConnectionPool(host=\'huggingface.co\', port=443): Max retries exceeded with url: /datasets/omdeep22/Konkani_books_corpus-v2/resolve/597199e461686ae72fdde04d89c0b77cc2956642/konkani_book_corpus.txt (Caused by NameResolutionError("<urllib3.connection.HTTPSConnection object at 0x1228c8050>: Failed to resolve \'huggingface.co\' ([Errno 8] nodename nor servname provided, or not known)"))'), '(Request ID: d8f5f569-6877-4eeb-bf05-6bd1b6e509b3)')' thrown while requesting GET https://huggingface.co/datasets/omdeep22/Konkani_books_corpus-v2/resolve/597199e461686ae72fdde04d89c0b77cc2956642/konkani_book_corpus.txt
Retrying in 2s [Retry 2/5].
'(MaxRetryError('HTTPSConnectionPool(host=\'huggingface.co\', port=443): Max retries exceeded with url: /datasets/omdeep22/Konkani_books_corpus-v2/resolve/597199e461686ae72fdde04d89c0b77cc2956642/konkani_book_corpus.txt (Caused by NameResolutionError("<urllib3.connection.HTTPSConnection object at 0x1228c8470>: Failed to resolve \'huggingface.co\' ([Errno 8] nodename nor servname provided, or not known)"))'), '(Request ID: b175bf6b-e242-435c-ae21-e1be9493a04f)')' thrown while requesting GET https://huggingface.co/datasets/omdeep22/Konkani_books_corpus-v2/resolve/597199e461686ae72fdde04d89c0b77cc2956642/konkani_book_corpus.txt
Retrying in 4s [Retry 3/5].
'(MaxRetryError('HTTPSConnectionPool(host=\'huggingface.co\', port=443): Max retries exceeded with url: /datasets/omdeep22/Konkani_books_corpus-v2/resolve/597199e461686ae72fdde04d89c0b77cc2956642/konkani_book_corpus.txt (Caused by NameResolutionError("<urllib3.connection.HTTPSConnection object at 0x1228c8860>: Failed to resolve \'huggingface.co\' ([Errno 8] nodename nor servname provided, or not known)"))'), '(Request ID: 4eb5afc0-7d51-4476-887b-5aec802654e0)')' thrown while requesting GET https://huggingface.co/datasets/omdeep22/Konkani_books_corpus-v2/resolve/597199e461686ae72fdde04d89c0b77cc2956642/konkani_book_corpus.txt
Retrying in 8s [Retry 4/5].
'(MaxRetryError('HTTPSConnectionPool(host=\'huggingface.co\', port=443): Max retries exceeded with url: /datasets/omdeep22/Konkani_books_corpus-v2/resolve/597199e461686ae72fdde04d89c0b77cc2956642/konkani_book_corpus.txt (Caused by NameResolutionError("<urllib3.connection.HTTPSConnection object at 0x1228c8c50>: Failed to resolve \'huggingface.co\' ([Errno 8] nodename nor servname provided, or not known)"))'), '(Request ID: 4e251d51-596e-4f9e-b5c3-43ee165161be)')' thrown while requesting GET https://huggingface.co/datasets/omdeep22/Konkani_books_corpus-v2/resolve/597199e461686ae72fdde04d89c0b77cc2956642/konkani_book_corpus.txt
Retrying in 8s [Retry 5/5].
'(MaxRetryError('HTTPSConnectionPool(host=\'huggingface.co\', port=443): Max retries exceeded with url: /datasets/omdeep22/Konkani_books_corpus-v2/resolve/597199e461686ae72fdde04d89c0b77cc2956642/konkani_book_corpus.txt (Caused by NameResolutionError("<urllib3.connection.HTTPSConnection object at 0x1228c9040>: Failed to resolve \'huggingface.co\' ([Errno 8] nodename nor servname provided, or not known)"))'), '(Request ID: 0f72e5a7-499c-410a-953a-1cce3aa96e25)')' thrown while requesting GET https://huggingface.co/datasets/omdeep22/Konkani_books_corpus-v2/resolve/597199e461686ae72fdde04d89c0b77cc2956642/konkani_book_corpus.txt
Got disconnected from remote data host. Retrying in 5sec [5/20]
'(MaxRetryError('HTTPSConnectionPool(host=\'huggingface.co\', port=443): Max retries exceeded with url: /datasets/omdeep22/Konkani_books_corpus-v2/resolve/597199e461686ae72fdde04d89c0b77cc2956642/konkani_book_corpus.txt (Caused by NameResolutionError("<urllib3.connection.HTTPSConnection object at 0x16913ccb0>: Failed to resolve \'huggingface.co\' ([Errno 8] nodename nor servname provided, or not known)"))'), '(Request ID: cbd26d9c-ff64-4744-9583-d2a0033cd7a0)')' thrown while requesting GET https://huggingface.co/datasets/omdeep22/Konkani_books_corpus-v2/resolve/597199e461686ae72fdde04d89c0b77cc2956642/konkani_book_corpus.txt
Retrying in 1s [Retry 1/5].
'(MaxRetryError('HTTPSConnectionPool(host=\'huggingface.co\', port=443): Max retries exceeded with url: /datasets/omdeep22/Konkani_books_corpus-v2/resolve/597199e461686ae72fdde04d89c0b77cc2956642/konkani_book_corpus.txt (Caused by NameResolutionError("<urllib3.connection.HTTPSConnection object at 0x16913c920>: Failed to resolve \'huggingface.co\' ([Errno 8] nodename nor servname provided, or not known)"))'), '(Request ID: 023e6251-79da-43a3-994c-b921e205ed2c)')' thrown while requesting GET https://huggingface.co/datasets/omdeep22/Konkani_books_corpus-v2/resolve/597199e461686ae72fdde04d89c0b77cc2956642/konkani_book_corpus.txt
Retrying in 2s [Retry 2/5].
'(MaxRetryError('HTTPSConnectionPool(host=\'huggingface.co\', port=443): Max retries exceeded with url: /datasets/omdeep22/Konkani_books_corpus-v2/resolve/597199e461686ae72fdde04d89c0b77cc2956642/konkani_book_corpus.txt (Caused by NameResolutionError("<urllib3.connection.HTTPSConnection object at 0x16913c890>: Failed to resolve \'huggingface.co\' ([Errno 8] nodename nor servname provided, or not known)"))'), '(Request ID: 63021b39-c40b-4e4a-bc2c-9085a59d1cc4)')' thrown while requesting GET https://huggingface.co/datasets/omdeep22/Konkani_books_corpus-v2/resolve/597199e461686ae72fdde04d89c0b77cc2956642/konkani_book_corpus.txt
Retrying in 4s [Retry 3/5].
'(MaxRetryError('HTTPSConnectionPool(host=\'huggingface.co\', port=443): Max retries exceeded with url: /datasets/omdeep22/Konkani_books_corpus-v2/resolve/597199e461686ae72fdde04d89c0b77cc2956642/konkani_book_corpus.txt (Caused by NameResolutionError("<urllib3.connection.HTTPSConnection object at 0x16913ee40>: Failed to resolve \'huggingface.co\' ([Errno 8] nodename nor servname provided, or not known)"))'), '(Request ID: 99683402-7ad9-4f83-b4d2-3596a78f6176)')' thrown while requesting GET https://huggingface.co/datasets/omdeep22/Konkani_books_corpus-v2/resolve/597199e461686ae72fdde04d89c0b77cc2956642/konkani_book_corpus.txt
Retrying in 8s [Retry 4/5].
'(MaxRetryError('HTTPSConnectionPool(host=\'huggingface.co\', port=443): Max retries exceeded with url: /datasets/omdeep22/Konkani_books_corpus-v2/resolve/597199e461686ae72fdde04d89c0b77cc2956642/konkani_book_corpus.txt (Caused by NameResolutionError("<urllib3.connection.HTTPSConnection object at 0x16913f1a0>: Failed to resolve \'huggingface.co\' ([Errno 8] nodename nor servname provided, or not known)"))'), '(Request ID: e382f011-26fb-43d2-b2e0-fd2b45f92032)')' thrown while requesting GET https://huggingface.co/datasets/omdeep22/Konkani_books_corpus-v2/resolve/597199e461686ae72fdde04d89c0b77cc2956642/konkani_book_corpus.txt
Retrying in 8s [Retry 5/5].
'(MaxRetryError('HTTPSConnectionPool(host=\'huggingface.co\', port=443): Max retries exceeded with url: /datasets/omdeep22/Konkani_books_corpus-v2/resolve/597199e461686ae72fdde04d89c0b77cc2956642/konkani_book_corpus.txt (Caused by NameResolutionError("<urllib3.connection.HTTPSConnection object at 0x1228c9370>: Failed to resolve \'huggingface.co\' ([Errno 8] nodename nor servname provided, or not known)"))'), '(Request ID: 01ec55b5-5cb2-43e6-91f9-b89dcefc189c)')' thrown while requesting GET https://huggingface.co/datasets/omdeep22/Konkani_books_corpus-v2/resolve/597199e461686ae72fdde04d89c0b77cc2956642/konkani_book_corpus.txt
Got disconnected from remote data host. Retrying in 5sec [6/20]
'(MaxRetryError('HTTPSConnectionPool(host=\'huggingface.co\', port=443): Max retries exceeded with url: /datasets/omdeep22/Konkani_books_corpus-v2/resolve/597199e461686ae72fdde04d89c0b77cc2956642/konkani_book_corpus.txt (Caused by NameResolutionError("<urllib3.connection.HTTPSConnection object at 0x1228c84a0>: Failed to resolve \'huggingface.co\' ([Errno 8] nodename nor servname provided, or not known)"))'), '(Request ID: 8880c025-c407-49e1-962c-8b1819351784)')' thrown while requesting GET https://huggingface.co/datasets/omdeep22/Konkani_books_corpus-v2/resolve/597199e461686ae72fdde04d89c0b77cc2956642/konkani_book_corpus.txt
Retrying in 1s [Retry 1/5].
'(MaxRetryError('HTTPSConnectionPool(host=\'huggingface.co\', port=443): Max retries exceeded with url: /datasets/omdeep22/Konkani_books_corpus-v2/resolve/597199e461686ae72fdde04d89c0b77cc2956642/konkani_book_corpus.txt (Caused by NameResolutionError("<urllib3.connection.HTTPSConnection object at 0x1228c8110>: Failed to resolve \'huggingface.co\' ([Errno 8] nodename nor servname provided, or not known)"))'), '(Request ID: 2b79a3bf-0930-4be1-9453-dd2e79191e54)')' thrown while requesting GET https://huggingface.co/datasets/omdeep22/Konkani_books_corpus-v2/resolve/597199e461686ae72fdde04d89c0b77cc2956642/konkani_book_corpus.txt
Retrying in 2s [Retry 2/5].
'(MaxRetryError('HTTPSConnectionPool(host=\'huggingface.co\', port=443): Max retries exceeded with url: /datasets/omdeep22/Konkani_books_corpus-v2/resolve/597199e461686ae72fdde04d89c0b77cc2956642/konkani_book_corpus.txt (Caused by NameResolutionError("<urllib3.connection.HTTPSConnection object at 0x1228c9760>: Failed to resolve \'huggingface.co\' ([Errno 8] nodename nor servname provided, or not known)"))'), '(Request ID: d0e8d97f-31f4-4934-96f0-512fe4e90c79)')' thrown while requesting GET https://huggingface.co/datasets/omdeep22/Konkani_books_corpus-v2/resolve/597199e461686ae72fdde04d89c0b77cc2956642/konkani_book_corpus.txt
Retrying in 4s [Retry 3/5].
'(MaxRetryError('HTTPSConnectionPool(host=\'huggingface.co\', port=443): Max retries exceeded with url: /datasets/omdeep22/Konkani_books_corpus-v2/resolve/597199e461686ae72fdde04d89c0b77cc2956642/konkani_book_corpus.txt (Caused by NameResolutionError("<urllib3.connection.HTTPSConnection object at 0x1228c9b50>: Failed to resolve \'huggingface.co\' ([Errno 8] nodename nor servname provided, or not known)"))'), '(Request ID: 84c3871e-3376-4984-98ec-f1d9c90850a5)')' thrown while requesting GET https://huggingface.co/datasets/omdeep22/Konkani_books_corpus-v2/resolve/597199e461686ae72fdde04d89c0b77cc2956642/konkani_book_corpus.txt
Retrying in 8s [Retry 4/5].
'(MaxRetryError('HTTPSConnectionPool(host=\'huggingface.co\', port=443): Max retries exceeded with url: /datasets/omdeep22/Konkani_books_corpus-v2/resolve/597199e461686ae72fdde04d89c0b77cc2956642/konkani_book_corpus.txt (Caused by NameResolutionError("<urllib3.connection.HTTPSConnection object at 0x1228c9f40>: Failed to resolve \'huggingface.co\' ([Errno 8] nodename nor servname provided, or not known)"))'), '(Request ID: 9c5da764-2fba-41fc-9030-69426ac74ccb)')' thrown while requesting GET https://huggingface.co/datasets/omdeep22/Konkani_books_corpus-v2/resolve/597199e461686ae72fdde04d89c0b77cc2956642/konkani_book_corpus.txt
Retrying in 8s [Retry 5/5].
'(MaxRetryError('HTTPSConnectionPool(host=\'huggingface.co\', port=443): Max retries exceeded with url: /datasets/omdeep22/Konkani_books_corpus-v2/resolve/597199e461686ae72fdde04d89c0b77cc2956642/konkani_book_corpus.txt (Caused by NameResolutionError("<urllib3.connection.HTTPSConnection object at 0x16913ef30>: Failed to resolve \'huggingface.co\' ([Errno 8] nodename nor servname provided, or not known)"))'), '(Request ID: 2c705d7a-b0b3-4959-82b4-2701e3a24e3f)')' thrown while requesting GET https://huggingface.co/datasets/omdeep22/Konkani_books_corpus-v2/resolve/597199e461686ae72fdde04d89c0b77cc2956642/konkani_book_corpus.txt
Got disconnected from remote data host. Retrying in 5sec [7/20]
  books=1,400 rows=3,869,569 segments=21,719 words=25,165,210 dup=2.6% (617 rows/s)
  books=1,500 rows=4,201,972 segments=23,704 words=27,454,929 dup=2.6% (314 rows/s)
'HTTPSConnectionPool(host='us.aws.cdn.hf.co', port=443): Read timed out.' thrown while requesting GET https://huggingface.co/datasets/omdeep22/Konkani_books_corpus-v2/resolve/597199e461686ae72fdde04d89c0b77cc2956642/konkani_book_corpus.txt
Retrying in 1s [Retry 1/5].
'(ProtocolError('Connection aborted.', RemoteDisconnected('Remote end closed connection without response')), '(Request ID: c37c1b47-2008-48e6-a143-095f6804b37a)')' thrown while requesting GET https://huggingface.co/datasets/omdeep22/Konkani_books_corpus-v2/resolve/597199e461686ae72fdde04d89c0b77cc2956642/konkani_book_corpus.txt
Retrying in 2s [Retry 2/5].
'("Connection broken: BrokenPipeError(32, 'Broken pipe')", BrokenPipeError(32, 'Broken pipe'))' thrown while requesting GET https://huggingface.co/datasets/omdeep22/Konkani_books_corpus-v2/resolve/597199e461686ae72fdde04d89c0b77cc2956642/konkani_book_corpus.txt
Retrying in 4s [Retry 3/5].
'(ProtocolError('Connection aborted.', BrokenPipeError(32, 'Broken pipe')), '(Request ID: 091d0dca-e1e9-48e6-a110-b182a6374714)')' thrown while requesting GET https://huggingface.co/datasets/omdeep22/Konkani_books_corpus-v2/resolve/597199e461686ae72fdde04d89c0b77cc2956642/konkani_book_corpus.txt
Retrying in 8s [Retry 4/5].
'HTTPSConnectionPool(host='us.aws.cdn.hf.co', port=443): Read timed out.' thrown while requesting GET https://huggingface.co/datasets/omdeep22/Konkani_books_corpus-v2/resolve/597199e461686ae72fdde04d89c0b77cc2956642/konkani_book_corpus.txt
Retrying in 8s [Retry 5/5].
'("Connection broken: BrokenPipeError(32, 'Broken pipe')", BrokenPipeError(32, 'Broken pipe'))' thrown while requesting GET https://huggingface.co/datasets/omdeep22/Konkani_books_corpus-v2/resolve/597199e461686ae72fdde04d89c0b77cc2956642/konkani_book_corpus.txt
Traceback (most recent call last):
  File "/opt/homebrew/Caskroom/miniforge/base/lib/python3.12/site-packages/urllib3/response.py", line 779, in _error_catcher
    yield
  File "/opt/homebrew/Caskroom/miniforge/base/lib/python3.12/site-packages/urllib3/response.py", line 904, in _raw_read
    data = self._fp_read(amt, read1=read1) if not fp_closed else b""
           ^^^^^^^^^^^^^^^^^^^^^^^^^^^^^^^
  File "/opt/homebrew/Caskroom/miniforge/base/lib/python3.12/site-packages/urllib3/response.py", line 887, in _fp_read
    return self._fp.read(amt) if amt is not None else self._fp.read()
           ^^^^^^^^^^^^^^^^^^
  File "/opt/homebrew/Caskroom/miniforge/base/lib/python3.12/http/client.py", line 479, in read
    s = self.fp.read(amt)
        ^^^^^^^^^^^^^^^^^
  File "/opt/homebrew/Caskroom/miniforge/base/lib/python3.12/socket.py", line 720, in readinto
    return self._sock.recv_into(b)
           ^^^^^^^^^^^^^^^^^^^^^^^
  File "/opt/homebrew/Caskroom/miniforge/base/lib/python3.12/ssl.py", line 1251, in recv_into
    return self.read(nbytes, buffer)
           ^^^^^^^^^^^^^^^^^^^^^^^^^
  File "/opt/homebrew/Caskroom/miniforge/base/lib/python3.12/ssl.py", line 1103, in read
    return self._sslobj.read(len, buffer)
           ^^^^^^^^^^^^^^^^^^^^^^^^^^^^^^
BrokenPipeError: [Errno 32] Broken pipe

The above exception was the direct cause of the following exception:

Traceback (most recent call last):
  File "/opt/homebrew/Caskroom/miniforge/base/lib/python3.12/site-packages/requests/models.py", line 820, in generate
    yield from self.raw.stream(chunk_size, decode_content=True)
  File "/opt/homebrew/Caskroom/miniforge/base/lib/python3.12/site-packages/urllib3/response.py", line 1091, in stream
    data = self.read(amt=amt, decode_content=decode_content)
           ^^^^^^^^^^^^^^^^^^^^^^^^^^^^^^^^^^^^^^^^^^^^^^^^^
  File "/opt/homebrew/Caskroom/miniforge/base/lib/python3.12/site-packages/urllib3/response.py", line 1008, in read
    data = self._raw_read(amt)
           ^^^^^^^^^^^^^^^^^^^
  File "/opt/homebrew/Caskroom/miniforge/base/lib/python3.12/site-packages/urllib3/response.py", line 903, in _raw_read
    with self._error_catcher():
         ^^^^^^^^^^^^^^^^^^^^^
  File "/opt/homebrew/Caskroom/miniforge/base/lib/python3.12/contextlib.py", line 158, in __exit__
    self.gen.throw(value)
  File "/opt/homebrew/Caskroom/miniforge/base/lib/python3.12/site-packages/urllib3/response.py", line 806, in _error_catcher
    raise ProtocolError(f"Connection broken: {e!r}", e) from e
urllib3.exceptions.ProtocolError: ("Connection broken: BrokenPipeError(32, 'Broken pipe')", BrokenPipeError(32, 'Broken pipe'))

During handling of the above exception, another exception occurred:

Traceback (most recent call last):
  File "/Users/prakash/Desktop/individual-project-Pakkabhabad18/konkani/scripts/ingest_books_corpus.py", line 340, in <module>
    raise SystemExit(main())
                     ^^^^^^
  File "/Users/prakash/Desktop/individual-project-Pakkabhabad18/konkani/scripts/ingest_books_corpus.py", line 229, in main
    for book_name, doc_text, rows in iter_documents(dataset):
                                     ^^^^^^^^^^^^^^^^^^^^^^^
  File "/Users/prakash/Desktop/individual-project-Pakkabhabad18/konkani/scripts/ingest_books_corpus.py", line 116, in iter_documents
    for example in dataset:
                   ^^^^^^^
  File "/opt/homebrew/Caskroom/miniforge/base/lib/python3.12/site-packages/datasets/iterable_dataset.py", line 2840, in __iter__
    for key, example in ex_iterable:
                        ^^^^^^^^^^^
  File "/opt/homebrew/Caskroom/miniforge/base/lib/python3.12/site-packages/datasets/iterable_dataset.py", line 2373, in __iter__
    for key, pa_table in self._iter_arrow():
                         ^^^^^^^^^^^^^^^^^^
  File "/opt/homebrew/Caskroom/miniforge/base/lib/python3.12/site-packages/datasets/iterable_dataset.py", line 2398, in _iter_arrow
    for key, pa_table in self.ex_iterable._iter_arrow():
                         ^^^^^^^^^^^^^^^^^^^^^^^^^^^^^^
  File "/opt/homebrew/Caskroom/miniforge/base/lib/python3.12/site-packages/datasets/iterable_dataset.py", line 536, in _iter_arrow
    for key, pa_table in iterator:
                         ^^^^^^^^
  File "/opt/homebrew/Caskroom/miniforge/base/lib/python3.12/site-packages/datasets/iterable_dataset.py", line 419, in _iter_arrow
    for key, pa_table in self.generate_tables_fn(**gen_kwags):
                         ^^^^^^^^^^^^^^^^^^^^^^^^^^^^^^^^^^^^
  File "/opt/homebrew/Caskroom/miniforge/base/lib/python3.12/site-packages/datasets/packaged_modules/text/text.py", line 98, in _generate_tables
    batch = f.read(self.config.chunksize)
            ^^^^^^^^^^^^^^^^^^^^^^^^^^^^^
  File "/opt/homebrew/Caskroom/miniforge/base/lib/python3.12/site-packages/datasets/utils/file_utils.py", line 844, in read_with_retries
    out = read(*args, **kwargs)
          ^^^^^^^^^^^^^^^^^^^^^
  File "/opt/homebrew/Caskroom/miniforge/base/lib/python3.12/site-packages/huggingface_hub/hf_file_system.py", line 1016, in read
    return super().read(length)
           ^^^^^^^^^^^^^^^^^^^^
  File "/opt/homebrew/Caskroom/miniforge/base/lib/python3.12/site-packages/fsspec/spec.py", line 2122, in read
    out = self.cache._fetch(self.loc, self.loc + length)
          ^^^^^^^^^^^^^^^^^^^^^^^^^^^^^^^^^^^^^^^^^^^^^^
  File "/opt/homebrew/Caskroom/miniforge/base/lib/python3.12/site-packages/fsspec/caching.py", line 287, in _fetch
    self.cache = self.fetcher(start, end)  # new block replaces old
                 ^^^^^^^^^^^^^^^^^^^^^^^^
  File "/opt/homebrew/Caskroom/miniforge/base/lib/python3.12/site-packages/huggingface_hub/hf_file_system.py", line 976, in _fetch_range
    r = http_backoff("GET", url, headers=headers, timeout=constants.HF_HUB_DOWNLOAD_TIMEOUT)
        ^^^^^^^^^^^^^^^^^^^^^^^^^^^^^^^^^^^^^^^^^^^^^^^^^^^^^^^^^^^^^^^^^^^^^^^^^^^^^^^^^^^^
  File "/opt/homebrew/Caskroom/miniforge/base/lib/python3.12/site-packages/huggingface_hub/utils/_http.py", line 325, in http_backoff
    raise err
  File "/opt/homebrew/Caskroom/miniforge/base/lib/python3.12/site-packages/huggingface_hub/utils/_http.py", line 306, in http_backoff
    response = session.request(method=method, url=url, **kwargs)
               ^^^^^^^^^^^^^^^^^^^^^^^^^^^^^^^^^^^^^^^^^^^^^^^^^
  File "/opt/homebrew/Caskroom/miniforge/base/lib/python3.12/site-packages/requests/sessions.py", line 589, in request
    resp = self.send(prep, **send_kwargs)
           ^^^^^^^^^^^^^^^^^^^^^^^^^^^^^^
  File "/opt/homebrew/Caskroom/miniforge/base/lib/python3.12/site-packages/requests/sessions.py", line 724, in send
    history = [resp for resp in gen]
                                ^^^
  File "/opt/homebrew/Caskroom/miniforge/base/lib/python3.12/site-packages/requests/sessions.py", line 265, in resolve_redirects
    resp = self.send(
           ^^^^^^^^^^
  File "/opt/homebrew/Caskroom/miniforge/base/lib/python3.12/site-packages/requests/sessions.py", line 746, in send
    r.content
  File "/opt/homebrew/Caskroom/miniforge/base/lib/python3.12/site-packages/requests/models.py", line 902, in content
    self._content = b"".join(self.iter_content(CONTENT_CHUNK_SIZE)) or b""
                    ^^^^^^^^^^^^^^^^^^^^^^^^^^^^^^^^^^^^^^^^^^^^^^^
  File "/opt/homebrew/Caskroom/miniforge/base/lib/python3.12/site-packages/requests/models.py", line 822, in generate
    raise ChunkedEncodingError(e)
requests.exceptions.ChunkedEncodingError: ("Connection broken: BrokenPipeError(32, 'Broken pipe')", BrokenPipeError(32, 'Broken pipe'))
[2026-08-16 08:24:00] SUPERVISOR: starting konkani_books
