====================================================================
COLLECTING: marathi_news (mr, manual scrape)
Date floor: 2025-01-01 | workers=8
====================================================================
Resuming: 4,411 collected, 13,772 urls seen

--- loksatta ---

--- maharashtratimes ---

--- lokmat ---

--- esakal ---
  accepted=4,429 skipped=9,974 dup=0.0% words=4,116 rate=18/min
  accepted=4,441 skipped=10,162 dup=0.0% words=6,501 rate=19/min
  accepted=4,458 skipped=10,345 dup=0.0% words=11,210 rate=21/min
  accepted=4,471 skipped=10,532 dup=0.0% words=13,949 rate=21/min
  accepted=4,480 skipped=10,723 dup=0.0% words=15,633 rate=20/min
  accepted=4,497 skipped=10,906 dup=0.0% words=19,480 rate=22/min
  accepted=4,512 skipped=11,091 dup=0.0% words=23,045 rate=24/min
  accepted=4,533 skipped=11,270 dup=0.0% words=27,848 rate=26/min
  accepted=4,546 skipped=11,457 dup=0.7% words=31,074 rate=26/min
  accepted=4,555 skipped=11,648 dup=0.7% words=33,358 rate=25/min
  accepted=4,567 skipped=11,836 dup=0.6% words=35,753 rate=25/min
  accepted=4,582 skipped=12,021 dup=0.6% words=39,177 rate=25/min
  accepted=4,599 skipped=12,204 dup=0.5% words=43,900 rate=26/min
  accepted=4,645 skipped=12,358 dup=1.7% words=55,546 rate=30/min
  accepted=4,678 skipped=12,525 dup=1.8% words=62,868 rate=33/min
  accepted=4,732 skipped=12,671 dup=2.1% words=77,388 rate=37/min
  accepted=4,778 skipped=12,825 dup=1.9% words=92,006 rate=40/min
  accepted=4,833 skipped=12,970 dup=1.6% words=106,642 rate=44/min
  accepted=4,917 skipped=13,086 dup=1.6% words=130,884 rate=50/min
  accepted=4,968 skipped=13,235 dup=1.4% words=144,775 rate=52/min
  accepted=5,034 skipped=13,369 dup=1.3% words=162,732 rate=56/min
  accepted=5,137 skipped=13,466 dup=1.2% words=188,119 rate=63/min
  accepted=5,180 skipped=13,623 dup=1.3% words=199,527 rate=62/min
  accepted=5,233 skipped=13,770 dup=1.4% words=212,867 rate=63/min
  accepted=5,309 skipped=13,894 dup=1.6% words=231,379 rate=66/min
  accepted=5,371 skipped=14,032 dup=1.5% words=247,141 rate=68/min
  accepted=5,446 skipped=14,157 dup=1.6% words=267,857 rate=69/min
  accepted=5,476 skipped=14,327 dup=1.6% words=274,838 rate=66/min
  accepted=5,485 skipped=14,518 dup=1.6% words=277,001 rate=64/min
  accepted=5,495 skipped=14,708 dup=1.5% words=279,711 rate=63/min
  accepted=5,509 skipped=14,894 dup=1.5% words=283,858 rate=62/min
  accepted=5,522 skipped=15,081 dup=1.5% words=287,607 rate=61/min
  accepted=5,530 skipped=15,273 dup=1.5% words=289,044 rate=60/min
  accepted=5,551 skipped=15,452 dup=1.5% words=293,673 rate=59/min
  accepted=5,561 skipped=15,642 dup=1.5% words=296,057 rate=57/min
  accepted=5,570 skipped=15,833 dup=1.4% words=298,022 rate=56/min
  accepted=5,582 skipped=16,021 dup=1.4% words=301,033 rate=56/min
  accepted=5,592 skipped=16,211 dup=1.4% words=303,559 rate=55/min
  accepted=5,602 skipped=16,401 dup=1.4% words=305,880 rate=54/min
  accepted=5,610 skipped=16,593 dup=1.4% words=308,184 rate=53/min
  accepted=5,635 skipped=16,768 dup=1.4% words=314,767 rate=52/min
  accepted=5,655 skipped=16,948 dup=1.3% words=319,244 rate=46/min

--- abplive_marathi ---

--- tv9marathi ---

--- divyamarathi ---

====================================================================
RUN SUMMARY
====================================================================
Accepted this run:   1,244
Accepted total:      5,655
Words this run:      319,244
Words per document:  257
Throughput:          46 docs/min
Elapsed:             27.3 min

Deduplication:       {'seen': 1261, 'exact_duplicates': 13, 'near_duplicates': 4, 'kept': 1244, 'duplicate_rate': 0.013481}

Per site:
  esakal                   1,244

Rejection reasons:
  too_short                    7,101
  fetch_failed                 21
  duplicate                    17
  langid_undecided             14
  no_article_text              3
====================================================================
