====================================================================
COLLECTING: archive_org_maharashtra_gr
Language: mr   Collection type: manual (OCR text extraction)
Mode: FULL RUN | workers=12
====================================================================
Resuming: 172 collected, 3,317 identifiers already seen
  accepted=225 skipped=2,962 dup=0.0% words=30,139 rate=35.2/min no_text=0 failed=169
  accepted=268 skipped=2,977 dup=1.0% words=63,909 rate=36.2/min no_text=0 failed=351
  accepted=307 skipped=3,006 dup=1.5% words=91,016 rate=32.2/min no_text=0 failed=523
  accepted=323 skipped=3,042 dup=1.3% words=97,669 rate=22.5/min no_text=0 failed=711
  [warn] scrape API unavailable; falling back to advancedsearch
  accepted=465 skipped=3,066 dup=2.0% words=215,249 rate=18.5/min no_text=0 failed=785
  accepted=619 skipped=3,071 dup=1.5% words=456,832 rate=23.8/min no_text=0 failed=866
  accepted=782 skipped=3,076 dup=1.3% words=599,804 rate=28.1/min no_text=0 failed=938
  accepted=933 skipped=3,079 dup=1.0% words=721,223 rate=30.1/min no_text=0 failed=1,024
  accepted=1,114 skipped=3,087 dup=1.2% words=876,586 rate=32.7/min no_text=0 failed=1,075
  accepted=1,317 skipped=3,097 dup=1.2% words=1,063,125 rate=36.8/min no_text=0 failed=1,102
  accepted=1,499 skipped=3,114 dup=1.8% words=1,257,414 rate=38.8/min no_text=0 failed=1,143
  accepted=1,687 skipped=3,119 dup=1.7% words=1,428,358 rate=40.5/min no_text=0 failed=1,190
  accepted=1,867 skipped=3,144 dup=2.5% words=1,591,164 rate=42.6/min no_text=0 failed=1,225
  accepted=2,053 skipped=3,151 dup=2.4% words=1,782,009 rate=44.7/min no_text=0 failed=1,272
  accepted=2,253 skipped=3,158 dup=2.3% words=2,003,290 rate=46.4/min no_text=0 failed=1,305
  accepted=2,449 skipped=3,171 dup=2.4% words=2,217,287 rate=48.1/min no_text=0 failed=1,336
  accepted=2,628 skipped=3,187 dup=2.6% words=2,373,680 rate=49.4/min no_text=0 failed=1,381
  accepted=2,809 skipped=3,210 dup=2.5% words=2,530,256 rate=50.5/min no_text=0 failed=1,417
  accepted=2,999 skipped=3,229 dup=2.4% words=2,701,575 rate=52.2/min no_text=0 failed=1,448
  accepted=3,189 skipped=3,239 dup=2.3% words=2,841,014 rate=53.2/min no_text=0 failed=1,488
  accepted=3,371 skipped=3,245 dup=2.2% words=2,994,763 rate=54.3/min no_text=0 failed=1,540
  accepted=3,582 skipped=3,256 dup=2.1% words=3,205,019 rate=55.2/min no_text=0 failed=1,558
  accepted=3,764 skipped=3,268 dup=2.3% words=3,374,332 rate=55.2/min no_text=0 failed=1,604
  accepted=3,936 skipped=3,285 dup=2.4% words=3,568,799 rate=55.1/min no_text=0 failed=1,655
  accepted=4,018 skipped=3,292 dup=2.5% words=3,639,173 rate=53.0/min no_text=0 failed=1,806
  accepted=4,018 skipped=3,292 dup=2.5% words=3,639,173 rate=52.8/min no_text=0 failed=2,046
  accepted=4,156 skipped=3,331 dup=3.2% words=3,761,041 rate=31.4/min no_text=0 failed=2,109
  accepted=4,297 skipped=3,352 dup=3.4% words=3,910,642 rate=31.9/min no_text=1 failed=2,187
  accepted=4,465 skipped=3,365 dup=3.5% words=4,070,606 rate=26.5/min no_text=1 failed=2,246
  accepted=4,549 skipped=3,372 dup=3.5% words=4,182,047 rate=15.5/min no_text=1 failed=2,395
  accepted=4,549 skipped=3,372 dup=3.5% words=4,182,047 rate=14.8/min no_text=1 failed=2,635
  accepted=4,632 skipped=3,378 dup=3.5% words=4,249,505 rate=13.8/min no_text=1 failed=2,786
  accepted=4,669 skipped=3,383 dup=3.6% words=4,301,917 rate=12.5/min no_text=1 failed=2,984
  accepted=4,678 skipped=3,384 dup=3.6% words=4,308,878 rate=12.3/min no_text=1 failed=3,214
  accepted=4,744 skipped=3,384 dup=3.5% words=4,359,360 rate=11.6/min no_text=1 failed=3,388
  accepted=4,915 skipped=3,408 dup=3.4% words=4,515,945 rate=12.0/min no_text=3 failed=3,433
  accepted=5,103 skipped=3,416 dup=3.3% words=4,694,622 rate=12.4/min no_text=3 failed=3,477
  accepted=5,316 skipped=3,428 dup=3.3% words=4,893,057 rate=12.9/min no_text=3 failed=3,492
  accepted=5,517 skipped=3,453 dup=3.4% words=5,090,275 rate=13.3/min no_text=3 failed=3,506
