[2026-08-16 08:24:00] SUPERVISOR: starting marathi_archive_gr
[2026-08-16 08:35:19] SUPERVISOR: starting marathi_archive_gr
====================================================================
COLLECTING: archive_org_maharashtra_gr
Language: mr   Collection type: manual (OCR text extraction)
Mode: FULL RUN | workers=12
====================================================================
Resuming: 5,517 collected, 9,261 identifiers already seen
  accepted=5,703 skipped=3,476 dup=0.0% words=154,234 rate=71.8/min no_text=1 failed=31
  accepted=5,868 skipped=3,517 dup=0.3% words=285,219 rate=70.9/min no_text=2 failed=65
  accepted=6,059 skipped=3,542 dup=0.2% words=463,013 rate=81.9/min no_text=3 failed=89
[2026-08-16 08:43:09] SUPERVISOR: starting marathi_archive_gr
====================================================================
COLLECTING: archive_org_maharashtra_gr
Language: mr   Collection type: manual (OCR text extraction)
Mode: FULL RUN | workers=12
====================================================================
Resuming: 6,059 collected, 10,002 identifiers already seen
  accepted=6,264 skipped=3,560 dup=0.0% words=180,997 rate=170.3/min no_text=0 failed=17
  accepted=6,469 skipped=3,579 dup=0.2% words=365,046 rate=175.9/min no_text=0 failed=33
  accepted=6,655 skipped=3,608 dup=0.5% words=509,930 rate=158.2/min no_text=0 failed=58
  accepted=6,841 skipped=3,652 dup=0.6% words=683,209 rate=151.3/min no_text=0 failed=68
  accepted=7,025 skipped=3,682 dup=0.5% words=837,025 rate=142.8/min no_text=0 failed=94
  accepted=7,202 skipped=3,725 dup=0.5% words=967,977 rate=140.5/min no_text=0 failed=114
  accepted=7,360 skipped=3,789 dup=0.7% words=1,089,476 rate=137.7/min no_text=0 failed=132
  accepted=7,546 skipped=3,831 dup=0.6% words=1,241,150 rate=139.6/min no_text=0 failed=144
  accepted=7,738 skipped=3,862 dup=0.6% words=1,360,628 rate=137.0/min no_text=0 failed=161
  accepted=7,944 skipped=3,883 dup=0.5% words=1,521,181 rate=139.1/min no_text=0 failed=174
  accepted=8,060 skipped=3,974 dup=0.5% words=1,641,508 rate=132.9/min no_text=0 failed=207
  accepted=8,154 skipped=4,092 dup=0.5% words=1,716,519 rate=128.6/min no_text=0 failed=235
  accepted=8,278 skipped=4,195 dup=0.5% words=1,803,980 rate=125.6/min no_text=0 failed=248
  accepted=8,424 skipped=4,266 dup=0.5% words=1,918,714 rate=124.8/min no_text=0 failed=271
  accepted=8,619 skipped=4,287 dup=0.5% words=2,070,546 rate=126.1/min no_text=0 failed=295
  accepted=8,812 skipped=4,310 dup=0.5% words=2,249,554 rate=127.3/min no_text=0 failed=319
  accepted=8,984 skipped=4,342 dup=0.5% words=2,459,183 rate=126.4/min no_text=0 failed=355
  accepted=9,146 skipped=4,397 dup=0.5% words=2,622,827 rate=126.5/min no_text=1 failed=378
  accepted=9,313 skipped=4,426 dup=0.6% words=2,770,206 rate=125.0/min no_text=3 failed=422
  accepted=9,502 skipped=4,459 dup=0.6% words=2,937,671 rate=126.4/min no_text=14 failed=440
  accepted=9,693 skipped=4,485 dup=0.6% words=3,105,824 rate=125.5/min no_text=17 failed=463
  accepted=9,836 skipped=4,558 dup=0.6% words=3,198,798 rate=124.0/min no_text=23 failed=487
  accepted=10,008 skipped=4,611 dup=0.6% words=3,356,832 rate=123.3/min no_text=24 failed=502
  accepted=10,166 skipped=4,679 dup=0.6% words=3,479,203 rate=123.0/min no_text=24 failed=516
  accepted=10,319 skipped=4,742 dup=0.6% words=3,614,031 rate=121.3/min no_text=24 failed=540
  accepted=10,509 skipped=4,759 dup=0.6% words=3,878,687 rate=121.1/min no_text=24 failed=573
  accepted=10,684 skipped=4,786 dup=0.6% words=4,116,735 rate=120.0/min no_text=24 failed=611
  accepted=10,872 skipped=4,802 dup=0.6% words=4,303,153 rate=120.0/min no_text=24 failed=647
  accepted=11,044 skipped=4,815 dup=0.6% words=4,477,191 rate=119.3/min no_text=24 failed=702
  accepted=11,156 skipped=4,880 dup=0.6% words=4,577,568 rate=117.3/min no_text=24 failed=765
  accepted=11,280 skipped=4,934 dup=0.6% words=4,690,910 rate=115.6/min no_text=24 failed=827
  accepted=11,467 skipped=4,965 dup=0.6% words=4,862,032 rate=116.0/min no_text=24 failed=849
  accepted=11,637 skipped=5,003 dup=0.6% words=5,016,088 rate=115.8/min no_text=24 failed=881
  accepted=11,821 skipped=5,027 dup=0.6% words=5,161,293 rate=116.0/min no_text=24 failed=913
  accepted=12,013 skipped=5,058 dup=0.6% words=5,307,042 rate=116.2/min no_text=34 failed=930
  accepted=12,197 skipped=5,080 dup=0.6% words=5,450,129 rate=116.6/min no_text=39 failed=964
  accepted=12,354 skipped=5,139 dup=0.6% words=5,583,183 rate=116.5/min no_text=49 failed=988
  accepted=12,524 skipped=5,191 dup=0.6% words=5,734,761 rate=115.9/min no_text=50 failed=1,006
  accepted=12,700 skipped=5,234 dup=0.6% words=5,875,420 rate=116.5/min no_text=51 failed=1,027
  accepted=12,869 skipped=5,281 dup=0.6% words=6,027,563 rate=116.0/min no_text=51 failed=1,051
  accepted=13,019 skipped=5,311 dup=0.5% words=6,170,025 rate=114.6/min no_text=52 failed=1,111
  accepted=13,197 skipped=5,355 dup=0.6% words=6,363,804 rate=114.6/min no_text=55 failed=1,129
  accepted=13,383 skipped=5,393 dup=0.5% words=6,599,756 rate=115.0/min no_text=55 failed=1,145
  accepted=13,569 skipped=5,434 dup=0.5% words=6,753,322 rate=115.0/min no_text=56 failed=1,158
  accepted=13,739 skipped=5,480 dup=0.5% words=6,903,860 rate=114.9/min no_text=60 failed=1,182
  accepted=13,912 skipped=5,533 dup=0.5% words=7,064,309 rate=114.6/min no_text=61 failed=1,196
  accepted=14,093 skipped=5,563 dup=0.5% words=7,241,428 rate=114.8/min no_text=62 failed=1,225
  accepted=14,273 skipped=5,605 dup=0.5% words=7,405,236 rate=114.1/min no_text=65 failed=1,243
  accepted=14,457 skipped=5,631 dup=0.5% words=7,550,590 rate=113.8/min no_text=65 failed=1,273
  accepted=14,622 skipped=5,665 dup=0.5% words=7,693,609 rate=111.7/min no_text=65 failed=1,314
  accepted=14,774 skipped=5,710 dup=0.5% words=7,879,327 rate=110.5/min no_text=65 failed=1,357
  accepted=14,936 skipped=5,762 dup=0.5% words=8,197,026 rate=109.6/min no_text=65 failed=1,383
  accepted=15,122 skipped=5,797 dup=0.5% words=8,589,382 rate=108.6/min no_text=65 failed=1,402
  accepted=15,297 skipped=5,842 dup=0.5% words=8,821,823 rate=106.8/min no_text=65 failed=1,422
